Archive member included to satisfy reference by file (symbol)

c:/program files (x86)/gnu tools arm embedded/5.3 2016q1/bin/../lib/gcc/arm-none-eabi/5.3.1/armv7e-m\libgcc.a(_arm_addsubdf3.o)
                              ..\obj\main.o (__aeabi_f2d)
c:/program files (x86)/gnu tools arm embedded/5.3 2016q1/bin/../lib/gcc/arm-none-eabi/5.3.1/armv7e-m\libgcc.a(_arm_addsubsf3.o)
                              ..\obj\main.o (__aeabi_ui2f)
c:/program files (x86)/gnu tools arm embedded/5.3 2016q1/bin/../lib/gcc/arm-none-eabi/5.3.1/../../../../arm-none-eabi/lib/armv7e-m\libg.a(lib_a-sprintf.o)
                              ..\obj\main.o (sprintf)
c:/program files (x86)/gnu tools arm embedded/5.3 2016q1/bin/../lib/gcc/arm-none-eabi/5.3.1/../../../../arm-none-eabi/lib/armv7e-m\libg.a(lib_a-svfprintf.o)
                              c:/program files (x86)/gnu tools arm embedded/5.3 2016q1/bin/../lib/gcc/arm-none-eabi/5.3.1/../../../../arm-none-eabi/lib/armv7e-m\libg.a(lib_a-sprintf.o) (_svfprintf_r)
c:/program files (x86)/gnu tools arm embedded/5.3 2016q1/bin/../lib/gcc/arm-none-eabi/5.3.1/../../../../arm-none-eabi/lib/armv7e-m\libg.a(lib_a-dtoa.o)
                              c:/program files (x86)/gnu tools arm embedded/5.3 2016q1/bin/../lib/gcc/arm-none-eabi/5.3.1/../../../../arm-none-eabi/lib/armv7e-m\libg.a(lib_a-svfprintf.o) (_dtoa_r)
c:/program files (x86)/gnu tools arm embedded/5.3 2016q1/bin/../lib/gcc/arm-none-eabi/5.3.1/../../../../arm-none-eabi/lib/armv7e-m\libg.a(lib_a-impure.o)
                              c:/program files (x86)/gnu tools arm embedded/5.3 2016q1/bin/../lib/gcc/arm-none-eabi/5.3.1/../../../../arm-none-eabi/lib/armv7e-m\libg.a(lib_a-sprintf.o) (_impure_ptr)
c:/program files (x86)/gnu tools arm embedded/5.3 2016q1/bin/../lib/gcc/arm-none-eabi/5.3.1/../../../../arm-none-eabi/lib/armv7e-m\libg.a(lib_a-locale.o)
                              c:/program files (x86)/gnu tools arm embedded/5.3 2016q1/bin/../lib/gcc/arm-none-eabi/5.3.1/../../../../arm-none-eabi/lib/armv7e-m\libg.a(lib_a-svfprintf.o) (_localeconv_r)
c:/program files (x86)/gnu tools arm embedded/5.3 2016q1/bin/../lib/gcc/arm-none-eabi/5.3.1/../../../../arm-none-eabi/lib/armv7e-m\libg.a(lib_a-mallocr.o)
                              c:/program files (x86)/gnu tools arm embedded/5.3 2016q1/bin/../lib/gcc/arm-none-eabi/5.3.1/../../../../arm-none-eabi/lib/armv7e-m\libg.a(lib_a-svfprintf.o) (_malloc_r)
c:/program files (x86)/gnu tools arm embedded/5.3 2016q1/bin/../lib/gcc/arm-none-eabi/5.3.1/../../../../arm-none-eabi/lib/armv7e-m\libg.a(lib_a-memchr.o)
                              c:/program files (x86)/gnu tools arm embedded/5.3 2016q1/bin/../lib/gcc/arm-none-eabi/5.3.1/../../../../arm-none-eabi/lib/armv7e-m\libg.a(lib_a-svfprintf.o) (memchr)
c:/program files (x86)/gnu tools arm embedded/5.3 2016q1/bin/../lib/gcc/arm-none-eabi/5.3.1/../../../../arm-none-eabi/lib/armv7e-m\libg.a(lib_a-memcpy.o)
                              c:/program files (x86)/gnu tools arm embedded/5.3 2016q1/bin/../lib/gcc/arm-none-eabi/5.3.1/../../../../arm-none-eabi/lib/armv7e-m\libg.a(lib_a-dtoa.o) (memcpy)
c:/program files (x86)/gnu tools arm embedded/5.3 2016q1/bin/../lib/gcc/arm-none-eabi/5.3.1/../../../../arm-none-eabi/lib/armv7e-m\libg.a(lib_a-mlock.o)
                              c:/program files (x86)/gnu tools arm embedded/5.3 2016q1/bin/../lib/gcc/arm-none-eabi/5.3.1/../../../../arm-none-eabi/lib/armv7e-m\libg.a(lib_a-mallocr.o) (__malloc_lock)
c:/program files (x86)/gnu tools arm embedded/5.3 2016q1/bin/../lib/gcc/arm-none-eabi/5.3.1/../../../../arm-none-eabi/lib/armv7e-m\libg.a(lib_a-mprec.o)
                              c:/program files (x86)/gnu tools arm embedded/5.3 2016q1/bin/../lib/gcc/arm-none-eabi/5.3.1/../../../../arm-none-eabi/lib/armv7e-m\libg.a(lib_a-dtoa.o) (_Balloc)
c:/program files (x86)/gnu tools arm embedded/5.3 2016q1/bin/../lib/gcc/arm-none-eabi/5.3.1/../../../../arm-none-eabi/lib/armv7e-m\libg.a(lib_a-sbrkr.o)
                              c:/program files (x86)/gnu tools arm embedded/5.3 2016q1/bin/../lib/gcc/arm-none-eabi/5.3.1/../../../../arm-none-eabi/lib/armv7e-m\libg.a(lib_a-mallocr.o) (_sbrk_r)
c:/program files (x86)/gnu tools arm embedded/5.3 2016q1/bin/../lib/gcc/arm-none-eabi/5.3.1/../../../../arm-none-eabi/lib/armv7e-m\libg.a(lib_a-strcmp.o)
                              c:/program files (x86)/gnu tools arm embedded/5.3 2016q1/bin/../lib/gcc/arm-none-eabi/5.3.1/../../../../arm-none-eabi/lib/armv7e-m\libg.a(lib_a-locale.o) (strcmp)
c:/program files (x86)/gnu tools arm embedded/5.3 2016q1/bin/../lib/gcc/arm-none-eabi/5.3.1/../../../../arm-none-eabi/lib/armv7e-m\libg.a(lib_a-strlen.o)
                              c:/program files (x86)/gnu tools arm embedded/5.3 2016q1/bin/../lib/gcc/arm-none-eabi/5.3.1/../../../../arm-none-eabi/lib/armv7e-m\libg.a(lib_a-svfprintf.o) (strlen)
[...]
Memory Configuration

Name             Origin             Length             Attributes
rom              0x08000000         0x00080000         xr
ram              0x20000000         0x00020000         xrw
ram1             0x10000000         0x00010000         xrw
*default*        0x00000000         0xffffffff

Linker script and memory map

                0x20020000                _eram = 0x20020000

.text           0x08000000     0x61b4
 *(.isr_vector)
 .isr_vector    0x08000000      0x188 ..\obj\startup_stm32f4xx.o
                0x08000000                g_pfnVectors
 *(.text*)
 .text.USART_Init
                0x08000188      0x174 ..\obj\stm32f4xx_usart.o
                0x08000188                USART_Init
 .text.USART_Cmd
                0x080002fc       0x40 ..\obj\stm32f4xx_usart.o
                0x080002fc                USART_Cmd
 .text.USART_SendData
                0x0800033c       0x24 ..\obj\stm32f4xx_usart.o
                0x0800033c                USART_SendData
 .text.USART_ReceiveData
                0x08000360       0x20 ..\obj\stm32f4xx_usart.o
                0x08000360                USART_ReceiveData
 .text.USART_ITConfig
                0x08000380       0x90 ..\obj\stm32f4xx_usart.o
                0x08000380                USART_ITConfig
 .text.USART_GetFlagStatus
                0x08000410       0x38 ..\obj\stm32f4xx_usart.o
                0x08000410                USART_GetFlagStatus
 .text.Default_Reset_Handler
                0x08000448       0x5c ..\obj\startup_stm32f4xx.o
                0x08000448                Default_Reset_Handler
                0x08000448                Reset_Handler
 .text.Default_Handler
                0x080004a4        0x8 ..\obj\startup_stm32f4xx.o
                0x080004a4                RTC_Alarm_IRQHandler
                0x080004a4                HASH_RNG_IRQHandler
                0x080004a4                EXTI2_IRQHandler
                0x080004a4                TIM8_CC_IRQHandler
                0x080004a4                DebugMon_Handler
                0x080004a4                TIM1_CC_IRQHandler
                0x080004a4                DMA2_Stream5_IRQHandler
                0x080004a4                HardFault_Handler
                0x080004a4                DMA1_Stream5_IRQHandler
                0x080004a4                SysTick_Handler
                0x080004a4                PVD_IRQHandler
                0x080004a4                SDIO_IRQHandler
                0x080004a4                TAMP_STAMP_IRQHandler
                0x080004a4                PendSV_Handler
                0x080004a4                NMI_Handler
                0x080004a4                CAN2_RX1_IRQHandler
                0x080004a4                EXTI3_IRQHandler
                0x080004a4                TIM8_TRG_COM_TIM14_IRQHandler
                0x080004a4                TIM1_UP_TIM10_IRQHandler
                0x080004a4                TIM8_UP_TIM13_IRQHandler
                0x080004a4                I2C3_ER_IRQHandler
                0x080004a4                EXTI0_IRQHandler
                0x080004a4                I2C2_EV_IRQHandler
                0x080004a4                DMA1_Stream2_IRQHandler
                0x080004a4                CAN1_RX0_IRQHandler
                0x080004a4                FPU_IRQHandler
                0x080004a4                OTG_HS_WKUP_IRQHandler
                0x080004a4                UsageFault_Handler
                0x080004a4                CAN2_SCE_IRQHandler
                0x080004a4                DMA2_Stream2_IRQHandler
                0x080004a4                SPI1_IRQHandler
                0x080004a4                TIM6_DAC_IRQHandler
                0x080004a4                TIM1_BRK_TIM9_IRQHandler
                0x080004a4                DCMI_IRQHandler
                0x080004a4                CAN2_RX0_IRQHandler
                0x080004a4                DMA2_Stream3_IRQHandler
                0x080004a4                USART6_IRQHandler
                0x080004a4                USART3_IRQHandler
                0x080004a4                CRYP_IRQHandler
                0x080004a4                CAN1_RX1_IRQHandler
                0x080004a4                UART5_IRQHandler
                0x080004a4                DMA2_Stream0_IRQHandler
                0x080004a4                TIM4_IRQHandler
                0x080004a4                I2C1_EV_IRQHandler
                0x080004a4                DMA1_Stream6_IRQHandler
                0x080004a4                DMA1_Stream1_IRQHandler
                0x080004a4                UART4_IRQHandler
                0x080004a4                TIM3_IRQHandler
                0x080004a4                RCC_IRQHandler
                0x080004a4                TIM8_BRK_TIM12_IRQHandler
                0x080004a4                EXTI15_10_IRQHandler
                0x080004a4                ADC_IRQHandler
                0x080004a4                DMA1_Stream7_IRQHandler
                0x080004a4                TIM7_IRQHandler
                0x080004a4                CAN2_TX_IRQHandler
                0x080004a4                TIM5_IRQHandler
                0x080004a4                DMA2_Stream7_IRQHandler
                0x080004a4                I2C3_EV_IRQHandler
                0x080004a4                EXTI9_5_IRQHandler
                0x080004a4                RTC_WKUP_IRQHandler
                0x080004a4                ETH_WKUP_IRQHandler
                0x080004a4                SPI2_IRQHandler
                0x080004a4                OTG_HS_EP1_IN_IRQHandler
                0x080004a4                MemManage_Handler
                0x080004a4                DMA1_Stream0_IRQHandler
                0x080004a4                CAN1_TX_IRQHandler
                0x080004a4                SVC_Handler
                0x080004a4                EXTI4_IRQHandler
                0x080004a4                FSMC_IRQHandler
                0x080004a4                ETH_IRQHandler
                0x080004a4                OTG_HS_EP1_OUT_IRQHandler
                0x080004a4                WWDG_IRQHandler
                0x080004a4                TIM2_IRQHandler
                0x080004a4                OTG_FS_WKUP_IRQHandler
                0x080004a4                TIM1_TRG_COM_TIM11_IRQHandler
                0x080004a4                OTG_HS_IRQHandler
                0x080004a4                EXTI1_IRQHandler
                0x080004a4                USART2_IRQHandler
                0x080004a4                I2C2_ER_IRQHandler
                0x080004a4                DMA2_Stream1_IRQHandler
                0x080004a4                CAN1_SCE_IRQHandler
                0x080004a4                FLASH_IRQHandler
                0x080004a4                DMA2_Stream4_IRQHandler
                0x080004a4                BusFault_Handler
                0x080004a4                OTG_FS_IRQHandler
                0x080004a4                SPI3_IRQHandler
                0x080004a4                DMA1_Stream4_IRQHandler
                0x080004a4                I2C1_ER_IRQHandler
                0x080004a4                DMA2_Stream6_IRQHandler
                0x080004a4                DMA1_Stream3_IRQHandler
 .text.main     0x080004ac      0x1b8 ..\obj\main.o
                0x080004ac                main
 .text.led_configure
                0x08000664       0x38 ..\obj\main.o
                0x08000664                led_configure
 .text.TM_Delay_Init
                0x0800069c       0x2c ..\obj\main.o
                0x0800069c                TM_Delay_Init
 .text.TM_DelayMicros
                0x080006c8       0x30 ..\obj\main.o
                0x080006c8                TM_DelayMicros
 .text.TM_DelayMillis
                0x080006f8       0x38 ..\obj\main.o
                0x080006f8                TM_DelayMillis
 .text.usart1_configure
                0x08000730       0xa0 ..\obj\main.o
                0x08000730                usart1_configure
 .text.Mes2Usart1
                0x080007d0       0x28 ..\obj\main.o
                0x080007d0                Mes2Usart1
 .text.USART1_SendChar
                0x080007f8       0x34 ..\obj\main.o
                0x080007f8                USART1_SendChar
 .text.USART1_IRQHandler
                0x0800082c       0x70 ..\obj\main.o
                0x0800082c                USART1_IRQHandler
 .text.RC522_Init
                0x0800089c       0x8c ..\obj\main.o
                0x0800089c                RC522_Init
 .text.SPI_txrx
                0x08000928       0x48 ..\obj\main.o
                0x08000928                SPI_txrx
 .text.PCD_ReadReg
                0x08000970       0x44 ..\obj\main.o
                0x08000970                PCD_ReadReg
 .text.PCD_WriteReg
                0x080009b4       0x3c ..\obj\main.o
                0x080009b4                PCD_WriteReg
 .text.init_pcd
                0x080009f0       0x68 ..\obj\main.o
                0x080009f0                init_pcd
 .text.PCD_Reset
                0x08000a58       0x28 ..\obj\main.o
                0x08000a58                PCD_Reset
 .text.PCD_AntennaOn
                0x08000a80       0x34 ..\obj\main.o
                0x08000a80                PCD_AntennaOn
 .text.RCC_GetClocksFreq
                0x08000ab4      0x154 ..\obj\stm32f4xx_rcc.o
                0x08000ab4                RCC_GetClocksFreq
 .text.RCC_AHB1PeriphClockCmd
                0x08000c08       0x3c ..\obj\stm32f4xx_rcc.o
                0x08000c08                RCC_AHB1PeriphClockCmd
 .text.RCC_APB2PeriphClockCmd
                0x08000c44       0x3c ..\obj\stm32f4xx_rcc.o
                0x08000c44                RCC_APB2PeriphClockCmd
 .text.GPIO_Init
                0x08000c80      0x11c ..\obj\stm32f4xx_gpio.o
                0x08000c80                GPIO_Init
 .text.GPIO_SetBits
                0x08000d9c       0x1c ..\obj\stm32f4xx_gpio.o
                0x08000d9c                GPIO_SetBits
 .text.GPIO_ResetBits
                0x08000db8       0x1c ..\obj\stm32f4xx_gpio.o
                0x08000db8                GPIO_ResetBits
 .text.GPIO_ToggleBits
                0x08000dd4       0x24 ..\obj\stm32f4xx_gpio.o
                0x08000dd4                GPIO_ToggleBits
 .text.GPIO_PinAFConfig
                0x08000df8       0x90 ..\obj\stm32f4xx_gpio.o
                0x08000df8                GPIO_PinAFConfig
 .text.SystemInit
                0x08000e88       0x5c ..\obj\system_stm32f4xx.o
                0x08000e88                SystemInit
 .text.SystemCoreClockUpdate
                0x08000ee4       0xf8 ..\obj\system_stm32f4xx.o
                0x08000ee4                SystemCoreClockUpdate
 .text.SetSysClock
                0x08000fdc       0xf4 ..\obj\system_stm32f4xx.o
 .text._sbrk    0x080010d0       0x3c ..\obj\syscalls.o
                0x080010d0                _sbrk
 .text.SPI_Init
                0x0800110c       0x88 ..\obj\stm32f4xx_spi.o
                0x0800110c                SPI_Init
 .text.SPI_Cmd  0x08001194       0x40 ..\obj\stm32f4xx_spi.o
                0x08001194                SPI_Cmd
 .text.SPI_I2S_ReceiveData
                0x080011d4       0x18 ..\obj\stm32f4xx_spi.o
                0x080011d4                SPI_I2S_ReceiveData
 .text.SPI_I2S_SendData
                0x080011ec       0x1c ..\obj\stm32f4xx_spi.o
                0x080011ec                SPI_I2S_SendData
 .text.SPI_I2S_GetFlagStatus
                0x08001208       0x38 ..\obj\stm32f4xx_spi.o
                0x08001208                SPI_I2S_GetFlagStatus
 .text.SPI_I2S_ClearFlag
                0x08001240       0x20 ..\obj\stm32f4xx_spi.o
                0x08001240                SPI_I2S_ClearFlag
 .text.NVIC_Init
                0x08001260       0xc0 ..\obj\misc.o
                0x08001260                NVIC_Init
 .text          0x08001320      0x370 c:/program files (x86)/gnu tools arm embedded/5.3 2016q1/bin/../lib/gcc/arm-none-eabi/5.3.1/armv7e-m\libgcc.a(_arm_addsubdf3.o)
                0x08001320                __aeabi_drsub
                0x08001328                __aeabi_dsub
                0x08001328                __subdf3
                0x0800132c                __aeabi_dadd
                0x0800132c                __adddf3
                0x080015a4                __floatunsidf
                0x080015a4                __aeabi_ui2d
                0x080015c4                __floatsidf
                0x080015c4                __aeabi_i2d
                0x080015e8                __aeabi_f2d
                0x080015e8                __extendsfdf2
                0x08001624                __floatundidf
                0x08001624                __aeabi_ul2d
                0x08001634                __floatdidf
                0x08001634                __aeabi_l2d
 .text          0x08001690      0x21c c:/program files (x86)/gnu tools arm embedded/5.3 2016q1/bin/../lib/gcc/arm-none-eabi/5.3.1/armv7e-m\libgcc.a(_arm_addsubsf3.o)
                0x08001690                __aeabi_frsub
                0x08001698                __subsf3
                0x08001698                __aeabi_fsub
                0x0800169c                __aeabi_fadd
                0x0800169c                __addsf3
                0x080017fc                __aeabi_ui2f
                0x080017fc                __floatunsisf
                0x08001804                __aeabi_i2f
                0x08001804                __floatsisf
                0x08001820                __aeabi_ul2f
                0x08001820                __floatundisf
                0x08001830                __aeabi_l2f
                0x08001830                __floatdisf
 .text.sprintf  0x080018ac       0x4c c:/program files (x86)/gnu tools arm embedded/5.3 2016q1/bin/../lib/gcc/arm-none-eabi/5.3.1/../../../../arm-none-eabi/lib/armv7e-m\libg.a(lib_a-sprintf.o)
                0x080018ac                sprintf
 .text._svfprintf_r
                0x080018f8     0x169c c:/program files (x86)/gnu tools arm embedded/5.3 2016q1/bin/../lib/gcc/arm-none-eabi/5.3.1/../../../../arm-none-eabi/lib/armv7e-m\libg.a(lib_a-svfprintf.o)
                0x080018f8                _svfprintf_r
 .text.quorem   0x08002f94      0x128 c:/program files (x86)/gnu tools arm embedded/5.3 2016q1/bin/../lib/gcc/arm-none-eabi/5.3.1/../../../../arm-none-eabi/lib/armv7e-m\libg.a(lib_a-dtoa.o)
 *fill*         0x080030bc        0x4 
 .text._dtoa_r  0x080030c0      0xe58 c:/program files (x86)/gnu tools arm embedded/5.3 2016q1/bin/../lib/gcc/arm-none-eabi/5.3.1/../../../../arm-none-eabi/lib/armv7e-m\libg.a(lib_a-dtoa.o)
                0x080030c0                _dtoa_r
 .text._localeconv_r
                0x08003f18        0x8 c:/program files (x86)/gnu tools arm embedded/5.3 2016q1/bin/../lib/gcc/arm-none-eabi/5.3.1/../../../../arm-none-eabi/lib/armv7e-m\libg.a(lib_a-locale.o)
                0x08003f18                _localeconv_r
 .text._malloc_r
                0x08003f20      0x570 c:/program files (x86)/gnu tools arm embedded/5.3 2016q1/bin/../lib/gcc/arm-none-eabi/5.3.1/../../../../arm-none-eabi/lib/armv7e-m\libg.a(lib_a-mallocr.o)
                0x08003f20                _malloc_r
 .text          0x08004490       0xa0 c:/program files (x86)/gnu tools arm embedded/5.3 2016q1/bin/../lib/gcc/arm-none-eabi/5.3.1/../../../../arm-none-eabi/lib/armv7e-m\libg.a(lib_a-memchr.o)
                0x08004490                memchr
 .text          0x08004530      0x134 c:/program files (x86)/gnu tools arm embedded/5.3 2016q1/bin/../lib/gcc/arm-none-eabi/5.3.1/../../../../arm-none-eabi/lib/armv7e-m\libg.a(lib_a-memcpy.o)
                0x08004530                memcpy
 .text.__malloc_lock
                0x08004664        0x4 c:/program files (x86)/gnu tools arm embedded/5.3 2016q1/bin/../lib/gcc/arm-none-eabi/5.3.1/../../../../arm-none-eabi/lib/armv7e-m\libg.a(lib_a-mlock.o)
                0x08004664                __malloc_lock
 .text.__malloc_unlock
                0x08004668        0x4 c:/program files (x86)/gnu tools arm embedded/5.3 2016q1/bin/../lib/gcc/arm-none-eabi/5.3.1/../../../../arm-none-eabi/lib/armv7e-m\libg.a(lib_a-mlock.o)
                0x08004668                __malloc_unlock
 .text._Balloc  0x0800466c       0x4c c:/program files (x86)/gnu tools arm embedded/5.3 2016q1/bin/../lib/gcc/arm-none-eabi/5.3.1/../../../../arm-none-eabi/lib/armv7e-m\libg.a(lib_a-mprec.o)
                0x0800466c                _Balloc
 .text._Bfree   0x080046b8       0x14 c:/program files (x86)/gnu tools arm embedded/5.3 2016q1/bin/../lib/gcc/arm-none-eabi/5.3.1/../../../../arm-none-eabi/lib/armv7e-m\libg.a(lib_a-mprec.o)
                0x080046b8                _Bfree
 .text.__multadd
                0x080046cc       0x80 c:/program files (x86)/gnu tools arm embedded/5.3 2016q1/bin/../lib/gcc/arm-none-eabi/5.3.1/../../../../arm-none-eabi/lib/armv7e-m\libg.a(lib_a-mprec.o)
                0x080046cc                __multadd
 .text.__hi0bits
                0x0800474c       0x40 c:/program files (x86)/gnu tools arm embedded/5.3 2016q1/bin/../lib/gcc/arm-none-eabi/5.3.1/../../../../arm-none-eabi/lib/armv7e-m\libg.a(lib_a-mprec.o)
                0x0800474c                __hi0bits
 .text.__lo0bits
                0x0800478c       0x5c c:/program files (x86)/gnu tools arm embedded/5.3 2016q1/bin/../lib/gcc/arm-none-eabi/5.3.1/../../../../arm-none-eabi/lib/armv7e-m\libg.a(lib_a-mprec.o)
                0x0800478c                __lo0bits
 .text.__i2b    0x080047e8       0x14 c:/program files (x86)/gnu tools arm embedded/5.3 2016q1/bin/../lib/gcc/arm-none-eabi/5.3.1/../../../../arm-none-eabi/lib/armv7e-m\libg.a(lib_a-mprec.o)
                0x080047e8                __i2b
 .text.__multiply
                0x080047fc      0x130 c:/program files (x86)/gnu tools arm embedded/5.3 2016q1/bin/../lib/gcc/arm-none-eabi/5.3.1/../../../../arm-none-eabi/lib/armv7e-m\libg.a(lib_a-mprec.o)
                0x080047fc                __multiply
 .text.__pow5mult
                0x0800492c       0xa0 c:/program files (x86)/gnu tools arm embedded/5.3 2016q1/bin/../lib/gcc/arm-none-eabi/5.3.1/../../../../arm-none-eabi/lib/armv7e-m\libg.a(lib_a-mprec.o)
                0x0800492c                __pow5mult
 .text.__lshift
                0x080049cc       0xb0 c:/program files (x86)/gnu tools arm embedded/5.3 2016q1/bin/../lib/gcc/arm-none-eabi/5.3.1/../../../../arm-none-eabi/lib/armv7e-m\libg.a(lib_a-mprec.o)
                0x080049cc                __lshift
 .text.__mcmp   0x08004a7c       0x40 c:/program files (x86)/gnu tools arm embedded/5.3 2016q1/bin/../lib/gcc/arm-none-eabi/5.3.1/../../../../arm-none-eabi/lib/armv7e-m\libg.a(lib_a-mprec.o)
                0x08004a7c                __mcmp
 .text.__mdiff  0x08004abc      0x114 c:/program files (x86)/gnu tools arm embedded/5.3 2016q1/bin/../lib/gcc/arm-none-eabi/5.3.1/../../../../arm-none-eabi/lib/armv7e-m\libg.a(lib_a-mprec.o)
                0x08004abc                __mdiff
 .text.__d2b    0x08004bd0       0xb8 c:/program files (x86)/gnu tools arm embedded/5.3 2016q1/bin/../lib/gcc/arm-none-eabi/5.3.1/../../../../arm-none-eabi/lib/armv7e-m\libg.a(lib_a-mprec.o)
                0x08004bd0                __d2b
 .text._sbrk_r  0x08004c88       0x24 c:/program files (x86)/gnu tools arm embedded/5.3 2016q1/bin/../lib/gcc/arm-none-eabi/5.3.1/../../../../arm-none-eabi/lib/armv7e-m\libg.a(lib_a-sbrkr.o)
                0x08004c88                _sbrk_r
 *fill*         0x08004cac       0x14 
 .text          0x08004cc0       0xdc c:/program files (x86)/gnu tools arm embedded/5.3 2016q1/bin/../lib/gcc/arm-none-eabi/5.3.1/../../../../arm-none-eabi/lib/armv7e-m\libg.a(lib_a-strlen.o)
                0x08004cc0                strlen
 .text.__ssprint_r
                0x08004d9c      0x100 c:/program files (x86)/gnu tools arm embedded/5.3 2016q1/bin/../lib/gcc/arm-none-eabi/5.3.1/../../../../arm-none-eabi/lib/armv7e-m\libg.a(lib_a-svfiprintf.o)
                0x08004d9c                __ssprint_r
 .text._calloc_r
                0x08004e9c       0x60 c:/program files (x86)/gnu tools arm embedded/5.3 2016q1/bin/../lib/gcc/arm-none-eabi/5.3.1/../../../../arm-none-eabi/lib/armv7e-m\libg.a(lib_a-callocr.o)
                0x08004e9c                _calloc_r
 .text._malloc_trim_r
                0x08004efc       0x9c c:/program files (x86)/gnu tools arm embedded/5.3 2016q1/bin/../lib/gcc/arm-none-eabi/5.3.1/../../../../arm-none-eabi/lib/armv7e-m\libg.a(lib_a-freer.o)
                0x08004efc                _malloc_trim_r
 .text._free_r  0x08004f98      0x1d0 c:/program files (x86)/gnu tools arm embedded/5.3 2016q1/bin/../lib/gcc/arm-none-eabi/5.3.1/../../../../arm-none-eabi/lib/armv7e-m\libg.a(lib_a-freer.o)
                0x08004f98                _free_r
 .text.memmove  0x08005168       0xc8 c:/program files (x86)/gnu tools arm embedded/5.3 2016q1/bin/../lib/gcc/arm-none-eabi/5.3.1/../../../../arm-none-eabi/lib/armv7e-m\libg.a(lib_a-memmove.o)
                0x08005168                memmove
 .text.memset   0x08005230       0x9c c:/program files (x86)/gnu tools arm embedded/5.3 2016q1/bin/../lib/gcc/arm-none-eabi/5.3.1/../../../../arm-none-eabi/lib/armv7e-m\libg.a(lib_a-memset.o)
                0x08005230                memset
 .text._realloc_r
                0x080052cc      0x3e0 c:/program files (x86)/gnu tools arm embedded/5.3 2016q1/bin/../lib/gcc/arm-none-eabi/5.3.1/../../../../arm-none-eabi/lib/armv7e-m\libg.a(lib_a-reallocr.o)
                0x080052cc                _realloc_r
 .text          0x080056ac      0x424 c:/program files (x86)/gnu tools arm embedded/5.3 2016q1/bin/../lib/gcc/arm-none-eabi/5.3.1/armv7e-m\libgcc.a(_arm_muldivdf3.o)
                0x080056ac                __aeabi_dmul
                0x080056ac                __muldf3
                0x08005900                __divdf3
                0x08005900                __aeabi_ddiv
 .text          0x08005ad0      0x110 c:/program files (x86)/gnu tools arm embedded/5.3 2016q1/bin/../lib/gcc/arm-none-eabi/5.3.1/armv7e-m\libgcc.a(_arm_cmpdf2.o)
                0x08005ad0                __gtdf2
                0x08005ad0                __gedf2
                0x08005ad8                __ltdf2
                0x08005ad8                __ledf2
                0x08005ae0                __nedf2
                0x08005ae0                __eqdf2
                0x08005ae0                __cmpdf2
                0x08005b5c                __aeabi_cdrcmple
                0x08005b6c                __aeabi_cdcmpeq
                0x08005b6c                __aeabi_cdcmple
                0x08005b7c                __aeabi_dcmpeq
                0x08005b90                __aeabi_dcmplt
                0x08005ba4                __aeabi_dcmple
                0x08005bb8                __aeabi_dcmpge
                0x08005bcc                __aeabi_dcmpgt
 .text          0x08005be0       0x2c c:/program files (x86)/gnu tools arm embedded/5.3 2016q1/bin/../lib/gcc/arm-none-eabi/5.3.1/armv7e-m\libgcc.a(_arm_unorddf2.o)
                0x08005be0                __unorddf2
                0x08005be0                __aeabi_dcmpun
 .text          0x08005c0c       0x50 c:/program files (x86)/gnu tools arm embedded/5.3 2016q1/bin/../lib/gcc/arm-none-eabi/5.3.1/armv7e-m\libgcc.a(_arm_fixdfsi.o)
                0x08005c0c                __aeabi_d2iz
                0x08005c0c                __fixdfsi
 .text          0x08005c5c       0x30 c:/program files (x86)/gnu tools arm embedded/5.3 2016q1/bin/../lib/gcc/arm-none-eabi/5.3.1/armv7e-m\libgcc.a(_aeabi_uldivmod.o)
                0x08005c5c                __aeabi_uldivmod
 .text          0x08005c8c      0x2e4 c:/program files (x86)/gnu tools arm embedded/5.3 2016q1/bin/../lib/gcc/arm-none-eabi/5.3.1/armv7e-m\libgcc.a(_udivmoddi4.o)
                0x08005c8c                __udivmoddi4
 .text          0x08005f70        0x4 c:/program files (x86)/gnu tools arm embedded/5.3 2016q1/bin/../lib/gcc/arm-none-eabi/5.3.1/armv7e-m\libgcc.a(_dvmd_tls.o)
                0x08005f70                __aeabi_idiv0
                0x08005f70                __aeabi_ldiv0
 *(.init)
 *(.fini)
 *crtbegin.o(.ctors)
 *crtbegin?.o(.ctors)
 *(EXCLUDE_FILE(*crtend.o *crtend?.o) .ctors)
 *(SORT(.ctors.*))
 *(.ctors)
 *crtbegin.o(.dtors)
 *crtbegin?.o(.dtors)
 *(EXCLUDE_FILE(*crtend.o *crtend?.o) .dtors)
 *(SORT(.dtors.*))
 *(.dtors)
 *(.rodata*)
 .rodata        0x08005f74       0xbe ..\obj\main.o
 *fill*         0x08006032        0x2 
 .rodata.zeroes.7035
                0x08006034       0x10 c:/program files (x86)/gnu tools arm embedded/5.3 2016q1/bin/../lib/gcc/arm-none-eabi/5.3.1/../../../../arm-none-eabi/lib/armv7e-m\libg.a(lib_a-svfprintf.o)
 .rodata.str1.4
                0x08006044       0x42 c:/program files (x86)/gnu tools arm embedded/5.3 2016q1/bin/../lib/gcc/arm-none-eabi/5.3.1/../../../../arm-none-eabi/lib/armv7e-m\libg.a(lib_a-svfprintf.o)
 *fill*         0x08006086        0x2 
 .rodata.blanks.7034
                0x08006088       0x10 c:/program files (x86)/gnu tools arm embedded/5.3 2016q1/bin/../lib/gcc/arm-none-eabi/5.3.1/../../../../arm-none-eabi/lib/armv7e-m\libg.a(lib_a-svfprintf.o)
 .rodata.str1.4
                0x08006098       0x10 c:/program files (x86)/gnu tools arm embedded/5.3 2016q1/bin/../lib/gcc/arm-none-eabi/5.3.1/../../../../arm-none-eabi/lib/armv7e-m\libg.a(lib_a-dtoa.o)
                                 0x12 (size before relaxing)
 .rodata.str1.4
                0x080060a8        0x2 c:/program files (x86)/gnu tools arm embedded/5.3 2016q1/bin/../lib/gcc/arm-none-eabi/5.3.1/../../../../arm-none-eabi/lib/armv7e-m\libg.a(lib_a-impure.o)
 *fill*         0x080060aa        0x2 
 .rodata.str1.4
                0x080060ac        0xc c:/program files (x86)/gnu tools arm embedded/5.3 2016q1/bin/../lib/gcc/arm-none-eabi/5.3.1/../../../../arm-none-eabi/lib/armv7e-m\libg.a(lib_a-locale.o)
                                 0x12 (size before relaxing)
 .rodata.__mprec_tens
                0x080060b8       0xc8 c:/program files (x86)/gnu tools arm embedded/5.3 2016q1/bin/../lib/gcc/arm-none-eabi/5.3.1/../../../../arm-none-eabi/lib/armv7e-m\libg.a(lib_a-mprec.o)
                0x080060b8                __mprec_tens
 .rodata.__mprec_bigtens
                0x08006180       0x28 c:/program files (x86)/gnu tools arm embedded/5.3 2016q1/bin/../lib/gcc/arm-none-eabi/5.3.1/../../../../arm-none-eabi/lib/armv7e-m\libg.a(lib_a-mprec.o)
                0x08006180                __mprec_bigtens
 .rodata.p05.5373
                0x080061a8        0xc c:/program files (x86)/gnu tools arm embedded/5.3 2016q1/bin/../lib/gcc/arm-none-eabi/5.3.1/../../../../arm-none-eabi/lib/armv7e-m\libg.a(lib_a-mprec.o)
 *(.eh_fram e*)

.glue_7         0x080061b4        0x0
 .glue_7        0x080061b4        0x0 linker stubs

.glue_7t        0x080061b4        0x0
 .glue_7t       0x080061b4        0x0 linker stubs

.vfp11_veneer   0x080061b4        0x0
 .vfp11_veneer  0x080061b4        0x0 linker stubs

.v4_bx          0x080061b4        0x0
 .v4_bx         0x080061b4        0x0 linker stubs

.iplt           0x080061b4        0x0
 .iplt          0x080061b4        0x0 ..\obj\stm32f4xx_usart.o

.ARM.extab
 *(.ARM.extab* .gnu.linkonce.armextab.*)
                0x080061b4                __exidx_start = .

.ARM.exidx      0x080061b4        0x8
 *(.ARM.exidx* .gnu.linkonce.armexidx.*)
 .ARM.exidx     0x080061b4        0x8 c:/program files (x86)/gnu tools arm embedded/5.3 2016q1/bin/../lib/gcc/arm-none-eabi/5.3.1/armv7e-m\libgcc.a(_udivmoddi4.o)
                0x080061bc                __exidx_end = .
                0x080061bc                __etext = .
                0x080061bc                _sidata = __etext

.rel.dyn        0x080061bc        0x0
 .rel.iplt      0x080061bc        0x0 ..\obj\stm32f4xx_usart.o

.data           0x20000000      0x89c load address 0x080061bc
                0x20000000                __data_start__ = .
                0x20000000                _sdata = __data_start__
 *(vtable)
 *(.data*)
 .data          0x20000000       0x10 ..\obj\stm32f4xx_rcc.o
 .data          0x20000010       0x14 ..\obj\system_stm32f4xx.o
                0x20000010                SystemCoreClock
                0x20000014                AHBPrescTable
 *fill*         0x20000024        0x4 
 .data.impure_data
                0x20000028      0x428 c:/program files (x86)/gnu tools arm embedded/5.3 2016q1/bin/../lib/gcc/arm-none-eabi/5.3.1/../../../../arm-none-eabi/lib/armv7e-m\libg.a(lib_a-impure.o)
 .data._impure_ptr
                0x20000450        0x4 c:/program files (x86)/gnu tools arm embedded/5.3 2016q1/bin/../lib/gcc/arm-none-eabi/5.3.1/../../../../arm-none-eabi/lib/armv7e-m\libg.a(lib_a-impure.o)
                0x20000450                _impure_ptr
 .data.lconv    0x20000454       0x38 c:/program files (x86)/gnu tools arm embedded/5.3 2016q1/bin/../lib/gcc/arm-none-eabi/5.3.1/../../../../arm-none-eabi/lib/armv7e-m\libg.a(lib_a-locale.o)
 .data.__malloc_av_
                0x2000048c      0x408 c:/program files (x86)/gnu tools arm embedded/5.3 2016q1/bin/../lib/gcc/arm-none-eabi/5.3.1/../../../../arm-none-eabi/lib/armv7e-m\libg.a(lib_a-mallocr.o)
                0x2000048c                __malloc_av_
 .data.__malloc_trim_threshold
                0x20000894        0x4 c:/program files (x86)/gnu tools arm embedded/5.3 2016q1/bin/../lib/gcc/arm-none-eabi/5.3.1/../../../../arm-none-eabi/lib/armv7e-m\libg.a(lib_a-mallocr.o)
                0x20000894                __malloc_trim_threshold
 .data.__malloc_sbrk_base
                0x20000898        0x4 c:/program files (x86)/gnu tools arm embedded/5.3 2016q1/bin/../lib/gcc/arm-none-eabi/5.3.1/../../../../arm-none-eabi/lib/armv7e-m\libg.a(lib_a-mallocr.o)
                0x20000898                __malloc_sbrk_base
                0x2000089c                . = ALIGN (0x4)
                [!provide]                PROVIDE (__preinit_array_start, .)
 *(.preinit_array)
                [!provide]                PROVIDE (__preinit_array_end, .)
                0x2000089c                . = ALIGN (0x4)
                [!provide]                PROVIDE (__init_array_start, .)
 *(SORT(.init_array.*))
 *(.init_array)
                [!provide]                PROVIDE (__init_array_end, .)
                0x2000089c                . = ALIGN (0x4)
                [!provide]                PROVIDE (__fini_array_start, .)
 *(SORT(.fini_array.*))
 *(.fini_array)
                [!provide]                PROVIDE (__fini_array_end, .)
 *(.jcr*)
                0x2000089c                . = ALIGN (0x4)
                0x2000089c                __data_end__ = .
                0x2000089c                _edata = __data_end__

.igot.plt       0x2000089c        0x0 load address 0x08006a58
 .igot.plt      0x2000089c        0x0 ..\obj\stm32f4xx_usart.o

.bss            0x2000089c       0x84 load address 0x08006a58
                0x2000089c                . = ALIGN (0x4)
                0x2000089c                __bss_start__ = .
                0x2000089c                _sbss = __bss_start__
 *(.bss*)
 .bss           0x2000089c        0x8 ..\obj\main.o
                0x2000089c                flg
                0x200008a0                cnt
 .bss           0x200008a4        0x4 ..\obj\syscalls.o
 .bss.__malloc_max_total_mem
                0x200008a8        0x4 c:/program files (x86)/gnu tools arm embedded/5.3 2016q1/bin/../lib/gcc/arm-none-eabi/5.3.1/../../../../arm-none-eabi/lib/armv7e-m\libg.a(lib_a-mallocr.o)
                0x200008a8                __malloc_max_total_mem
 .bss.__malloc_max_sbrked_mem
                0x200008ac        0x4 c:/program files (x86)/gnu tools arm embedded/5.3 2016q1/bin/../lib/gcc/arm-none-eabi/5.3.1/../../../../arm-none-eabi/lib/armv7e-m\libg.a(lib_a-mallocr.o)
                0x200008ac                __malloc_max_sbrked_mem
 .bss.__malloc_top_pad
                0x200008b0        0x4 c:/program files (x86)/gnu tools arm embedded/5.3 2016q1/bin/../lib/gcc/arm-none-eabi/5.3.1/../../../../arm-none-eabi/lib/armv7e-m\libg.a(lib_a-mallocr.o)
                0x200008b0                __malloc_top_pad
 .bss.__malloc_current_mallinfo
                0x200008b4       0x28 c:/program files (x86)/gnu tools arm embedded/5.3 2016q1/bin/../lib/gcc/arm-none-eabi/5.3.1/../../../../arm-none-eabi/lib/armv7e-m\libg.a(lib_a-mallocr.o)
                0x200008b4                __malloc_current_mallinfo
 *(COMMON)
 COMMON         0x200008dc       0x3f ..\obj\main.o
                0x200008dc                f
                0x200008e0                multiplier
                0x200008e4                ch
                0x200008e8                received_string
 *fill*         0x2000091b        0x1 
 COMMON         0x2000091c        0x4 c:/program files (x86)/gnu tools arm embedded/5.3 2016q1/bin/../lib/gcc/arm-none-eabi/5.3.1/../../../../arm-none-eabi/lib/armv7e-m\libg.a(lib_a-reent.o)
                0x2000091c                errno
                0x20000920                . = ALIGN (0x4)
                0x20000920                __bss_end__ = .
                0x20000920                _ebss = __bss_end__

.heap           0x20000920        0x0
                0x20000920                __end__ = .
                0x20000920                _end = __end__
                0x20000920                end = __end__
 *(.heap*)
                0x20000920                __HeapLimit = .

.co_stack       0x20000920      0x800 load address 0x08006adc
                0x20000920                . = ALIGN (0x8)
 *(.co_stack .co_stack.*)
 .co_stack      0x20000920      0x800 ..\obj\startup_stm32f4xx.o
                0x20000920                pulStack
                0x20020000                __StackTop = (ORIGIN (ram) + LENGTH (ram))
                0x2001f800                __StackLimit = (__StackTop - SIZEOF (.co_stack))
                [!provide]                PROVIDE (__stack, __StackTop)
                0x00000001                ASSERT ((__StackLimit >= __HeapLimit), region ram  overflowed with stack)
LOAD ..\obj\stm32f4xx_usart.o
LOAD ..\obj\startup_stm32f4xx.o
LOAD ..\obj\main.o
LOAD ..\obj\stm32f4xx_rcc.o
LOAD ..\obj\stm32f4xx_gpio.o
LOAD ..\obj\system_stm32f4xx.o
LOAD ..\obj\syscalls.o
LOAD ..\obj\stm32f4xx_spi.o
LOAD ..\obj\misc.o
LOAD ..\obj\stm32f4xx_tim.o
START GROUP
LOAD c:/program files (x86)/gnu tools arm embedded/5.3 2016q1/bin/../lib/gcc/arm-none-eabi/5.3.1/armv7e-m\libgcc.a
LOAD c:/program files (x86)/gnu tools arm embedded/5.3 2016q1/bin/../lib/gcc/arm-none-eabi/5.3.1/../../../../arm-none-eabi/lib/armv7e-m\libg.a
LOAD c:/program files (x86)/gnu tools arm embedded/5.3 2016q1/bin/../lib/gcc/arm-none-eabi/5.3.1/../../../../arm-none-eabi/lib/armv7e-m\libc.a
END GROUP
OUTPUT(PCSC.elf elf32-littlearm)

.debug_info     0x00000000     0x4b10
 .debug_info    0x00000000      0x9ca ..\obj\stm32f4xx_usart.o
 .debug_info    0x000009ca       0xf2 ..\obj\startup_stm32f4xx.o
 .debug_info    0x00000abc     0x13b8 ..\obj\main.o
 .debug_info    0x00001e74      0xc63 ..\obj\stm32f4xx_rcc.o
 .debug_info    0x00002ad7      0x61a ..\obj\stm32f4xx_gpio.o
 .debug_info    0x000030f1      0x5c5 ..\obj\system_stm32f4xx.o
 .debug_info    0x000036b6      0x3f5 ..\obj\syscalls.o
 .debug_info    0x00003aab      0xb0f ..\obj\stm32f4xx_spi.o
 .debug_info    0x000045ba      0x556 ..\obj\misc.o

.debug_abbrev   0x00000000      0xcd2
 .debug_abbrev  0x00000000      0x157 ..\obj\stm32f4xx_usart.o
 .debug_abbrev  0x00000157       0xb0 ..\obj\startup_stm32f4xx.o
 .debug_abbrev  0x00000207      0x272 ..\obj\main.o
 .debug_abbrev  0x00000479      0x1e5 ..\obj\stm32f4xx_rcc.o
 .debug_abbrev  0x0000065e      0x1a7 ..\obj\stm32f4xx_gpio.o
 .debug_abbrev  0x00000805      0x138 ..\obj\system_stm32f4xx.o
 .debug_abbrev  0x0000093d       0xe5 ..\obj\syscalls.o
 .debug_abbrev  0x00000a22      0x169 ..\obj\stm32f4xx_spi.o
 .debug_abbrev  0x00000b8b      0x147 ..\obj\misc.o

.debug_aranges  0x00000000      0x5d0
 .debug_aranges
                0x00000000      0x100 ..\obj\stm32f4xx_usart.o
 .debug_aranges
                0x00000100       0x28 ..\obj\startup_stm32f4xx.o
 .debug_aranges
                0x00000128       0xf8 ..\obj\main.o
 .debug_aranges
                0x00000220      0x178 ..\obj\stm32f4xx_rcc.o
 .debug_aranges
                0x00000398       0x88 ..\obj\stm32f4xx_gpio.o
 .debug_aranges
                0x00000420       0x30 ..\obj\system_stm32f4xx.o
 .debug_aranges
                0x00000450       0x60 ..\obj\syscalls.o
 .debug_aranges
                0x000004b0       0xe0 ..\obj\stm32f4xx_spi.o
 .debug_aranges
                0x00000590       0x40 ..\obj\misc.o

.debug_ranges   0x00000000      0x540
 .debug_ranges  0x00000000       0xf0 ..\obj\stm32f4xx_usart.o
 .debug_ranges  0x000000f0       0x18 ..\obj\startup_stm32f4xx.o
 .debug_ranges  0x00000108       0xe8 ..\obj\main.o
 .debug_ranges  0x000001f0      0x168 ..\obj\stm32f4xx_rcc.o
 .debug_ranges  0x00000358       0x78 ..\obj\stm32f4xx_gpio.o
 .debug_ranges  0x000003d0       0x20 ..\obj\system_stm32f4xx.o
 .debug_ranges  0x000003f0       0x50 ..\obj\syscalls.o
 .debug_ranges  0x00000440       0xd0 ..\obj\stm32f4xx_spi.o
 .debug_ranges  0x00000510       0x30 ..\obj\misc.o

.debug_line     0x00000000     0x1c27
 .debug_line    0x00000000      0x46d ..\obj\stm32f4xx_usart.o
 .debug_line    0x0000046d       0x86 ..\obj\startup_stm32f4xx.o
 .debug_line    0x000004f3      0x591 ..\obj\main.o
 .debug_line    0x00000a84      0x559 ..\obj\stm32f4xx_rcc.o
 .debug_line    0x00000fdd      0x314 ..\obj\stm32f4xx_gpio.o
 .debug_line    0x000012f1      0x1cc ..\obj\system_stm32f4xx.o
 .debug_line    0x000014bd      0x16b ..\obj\syscalls.o
 .debug_line    0x00001628      0x40d ..\obj\stm32f4xx_spi.o
 .debug_line    0x00001a35      0x1f2 ..\obj\misc.o

.debug_str      0x00000000     0x237c
 .debug_str     0x00000000      0x5f9 ..\obj\stm32f4xx_usart.o
                                0x674 (size before relaxing)
 .debug_str     0x000005f9       0x95 ..\obj\startup_stm32f4xx.o
                                0x12c (size before relaxing)
 .debug_str     0x0000068e      0xff3 ..\obj\main.o
                               0x12e4 (size before relaxing)
 .debug_str     0x00001681      0x506 ..\obj\stm32f4xx_rcc.o
                                0x835 (size before relaxing)
 .debug_str     0x00001b87      0x188 ..\obj\stm32f4xx_gpio.o
                                0x488 (size before relaxing)
 .debug_str     0x00001d0f       0xfd ..\obj\system_stm32f4xx.o
                                0x38f (size before relaxing)
 .debug_str     0x00001e0c      0x148 ..\obj\syscalls.o
                                0x2a5 (size before relaxing)
 .debug_str     0x00001f54      0x2e2 ..\obj\stm32f4xx_spi.o
                                0x66f (size before relaxing)
 .debug_str     0x00002236      0x146 ..\obj\misc.o
                                0x3b3 (size before relaxing)

.comment        0x00000000       0x6e
 .comment       0x00000000       0x6e ..\obj\stm32f4xx_usart.o
                                 0x6f (size before relaxing)
 .comment       0x0000006e       0x6f ..\obj\startup_stm32f4xx.o
 .comment       0x0000006e       0x6f ..\obj\main.o
 .comment       0x0000006e       0x6f ..\obj\stm32f4xx_rcc.o
 .comment       0x0000006e       0x6f ..\obj\stm32f4xx_gpio.o
 .comment       0x0000006e       0x6f ..\obj\system_stm32f4xx.o
 .comment       0x0000006e       0x6f ..\obj\syscalls.o
 .comment       0x0000006e       0x6f ..\obj\stm32f4xx_spi.o
 .comment       0x0000006e       0x6f ..\obj\misc.o

.ARM.attributes
                0x00000000       0x31
 .ARM.attributes
                0x00000000       0x33 ..\obj\stm32f4xx_usart.o
 .ARM.attributes
                0x00000033       0x33 ..\obj\startup_stm32f4xx.o
 .ARM.attributes
                0x00000066       0x33 ..\obj\main.o
 .ARM.attributes
                0x00000099       0x33 ..\obj\stm32f4xx_rcc.o
 .ARM.attributes
                0x000000cc       0x33 ..\obj\stm32f4xx_gpio.o
 .ARM.attributes
                0x000000ff       0x33 ..\obj\system_stm32f4xx.o
 .ARM.attributes
                0x00000132       0x33 ..\obj\syscalls.o
 .ARM.attributes
                0x00000165       0x33 ..\obj\stm32f4xx_spi.o
 .ARM.attributes
                0x00000198       0x33 ..\obj\misc.o
 .ARM.attributes
                0x000001cb       0x1e c:/program files (x86)/gnu tools arm embedded/5.3 2016q1/bin/../lib/gcc/arm-none-eabi/5.3.1/armv7e-m\libgcc.a(_arm_addsubdf3.o)
 .ARM.attributes
                0x000001e9       0x1e c:/program files (x86)/gnu tools arm embedded/5.3 2016q1/bin/../lib/gcc/arm-none-eabi/5.3.1/armv7e-m\libgcc.a(_arm_addsubsf3.o)
 .ARM.attributes
                0x00000207       0x2e c:/program files (x86)/gnu tools arm embedded/5.3 2016q1/bin/../lib/gcc/arm-none-eabi/5.3.1/../../../../arm-none-eabi/lib/armv7e-m\libg.a(lib_a-sprintf.o)
 .ARM.attributes
                0x00000235       0x2e c:/program files (x86)/gnu tools arm embedded/5.3 2016q1/bin/../lib/gcc/arm-none-eabi/5.3.1/../../../../arm-none-eabi/lib/armv7e-m\libg.a(lib_a-svfprintf.o)
 .ARM.attributes
                0x00000263       0x2e c:/program files (x86)/gnu tools arm embedded/5.3 2016q1/bin/../lib/gcc/arm-none-eabi/5.3.1/../../../../arm-none-eabi/lib/armv7e-m\libg.a(lib_a-dtoa.o)
 .ARM.attributes
                0x00000291       0x2e c:/program files (x86)/gnu tools arm embedded/5.3 2016q1/bin/../lib/gcc/arm-none-eabi/5.3.1/../../../../arm-none-eabi/lib/armv7e-m\libg.a(lib_a-impure.o)
 .ARM.attributes
                0x000002bf       0x2e c:/program files (x86)/gnu tools arm embedded/5.3 2016q1/bin/../lib/gcc/arm-none-eabi/5.3.1/../../../../arm-none-eabi/lib/armv7e-m\libg.a(lib_a-locale.o)
 .ARM.attributes
                0x000002ed       0x2e c:/program files (x86)/gnu tools arm embedded/5.3 2016q1/bin/../lib/gcc/arm-none-eabi/5.3.1/../../../../arm-none-eabi/lib/armv7e-m\libg.a(lib_a-mallocr.o)
 .ARM.attributes
                0x0000031b       0x1c c:/program files (x86)/gnu tools arm embedded/5.3 2016q1/bin/../lib/gcc/arm-none-eabi/5.3.1/../../../../arm-none-eabi/lib/armv7e-m\libg.a(lib_a-memchr.o)
 .ARM.attributes
                0x00000337       0x1c c:/program files (x86)/gnu tools arm embedded/5.3 2016q1/bin/../lib/gcc/arm-none-eabi/5.3.1/../../../../arm-none-eabi/lib/armv7e-m\libg.a(lib_a-memcpy.o)
 .ARM.attributes
                0x00000353       0x2e c:/program files (x86)/gnu tools arm embedded/5.3 2016q1/bin/../lib/gcc/arm-none-eabi/5.3.1/../../../../arm-none-eabi/lib/armv7e-m\libg.a(lib_a-mlock.o)
 .ARM.attributes
                0x00000381       0x2e c:/program files (x86)/gnu tools arm embedded/5.3 2016q1/bin/../lib/gcc/arm-none-eabi/5.3.1/../../../../arm-none-eabi/lib/armv7e-m\libg.a(lib_a-mprec.o)
 .ARM.attributes
                0x000003af       0x2e c:/program files (x86)/gnu tools arm embedded/5.3 2016q1/bin/../lib/gcc/arm-none-eabi/5.3.1/../../../../arm-none-eabi/lib/armv7e-m\libg.a(lib_a-sbrkr.o)
 .ARM.attributes
                0x000003dd       0x1c c:/program files (x86)/gnu tools arm embedded/5.3 2016q1/bin/../lib/gcc/arm-none-eabi/5.3.1/../../../../arm-none-eabi/lib/armv7e-m\libg.a(lib_a-strlen.o)
 .ARM.attributes
                0x000003f9       0x2e c:/program files (x86)/gnu tools arm embedded/5.3 2016q1/bin/../lib/gcc/arm-none-eabi/5.3.1/../../../../arm-none-eabi/lib/armv7e-m\libg.a(lib_a-svfiprintf.o)
 .ARM.attributes
                0x00000427       0x2e c:/program files (x86)/gnu tools arm embedded/5.3 2016q1/bin/../lib/gcc/arm-none-eabi/5.3.1/../../../../arm-none-eabi/lib/armv7e-m\libg.a(lib_a-callocr.o)
 .ARM.attributes
                0x00000455       0x2e c:/program files (x86)/gnu tools arm embedded/5.3 2016q1/bin/../lib/gcc/arm-none-eabi/5.3.1/../../../../arm-none-eabi/lib/armv7e-m\libg.a(lib_a-freer.o)
 .ARM.attributes
                0x00000483       0x2e c:/program files (x86)/gnu tools arm embedded/5.3 2016q1/bin/../lib/gcc/arm-none-eabi/5.3.1/../../../../arm-none-eabi/lib/armv7e-m\libg.a(lib_a-memmove.o)
 .ARM.attributes
                0x000004b1       0x2e c:/program files (x86)/gnu tools arm embedded/5.3 2016q1/bin/../lib/gcc/arm-none-eabi/5.3.1/../../../../arm-none-eabi/lib/armv7e-m\libg.a(lib_a-memset.o)
 .ARM.attributes
                0x000004df       0x2e c:/program files (x86)/gnu tools arm embedded/5.3 2016q1/bin/../lib/gcc/arm-none-eabi/5.3.1/../../../../arm-none-eabi/lib/armv7e-m\libg.a(lib_a-reallocr.o)
 .ARM.attributes
                0x0000050d       0x2e c:/program files (x86)/gnu tools arm embedded/5.3 2016q1/bin/../lib/gcc/arm-none-eabi/5.3.1/../../../../arm-none-eabi/lib/armv7e-m\libg.a(lib_a-reent.o)
 .ARM.attributes
                0x0000053b       0x1e c:/program files (x86)/gnu tools arm embedded/5.3 2016q1/bin/../lib/gcc/arm-none-eabi/5.3.1/armv7e-m\libgcc.a(_arm_muldivdf3.o)
 .ARM.attributes
                0x00000559       0x1e c:/program files (x86)/gnu tools arm embedded/5.3 2016q1/bin/../lib/gcc/arm-none-eabi/5.3.1/armv7e-m\libgcc.a(_arm_cmpdf2.o)
 .ARM.attributes
                0x00000577       0x1e c:/program files (x86)/gnu tools arm embedded/5.3 2016q1/bin/../lib/gcc/arm-none-eabi/5.3.1/armv7e-m\libgcc.a(_arm_unorddf2.o)
 .ARM.attributes
                0x00000595       0x1e c:/program files (x86)/gnu tools arm embedded/5.3 2016q1/bin/../lib/gcc/arm-none-eabi/5.3.1/armv7e-m\libgcc.a(_arm_fixdfsi.o)
 .ARM.attributes
                0x000005b3       0x1e c:/program files (x86)/gnu tools arm embedded/5.3 2016q1/bin/../lib/gcc/arm-none-eabi/5.3.1/armv7e-m\libgcc.a(_aeabi_uldivmod.o)
 .ARM.attributes
                0x000005d1       0x2e c:/program files (x86)/gnu tools arm embedded/5.3 2016q1/bin/../lib/gcc/arm-none-eabi/5.3.1/armv7e-m\libgcc.a(_udivmoddi4.o)
 .ARM.attributes
                0x000005ff       0x1e c:/program files (x86)/gnu tools arm embedded/5.3 2016q1/bin/../lib/gcc/arm-none-eabi/5.3.1/armv7e-m\libgcc.a(_dvmd_tls.o)

.debug_frame    0x00000000     0x201c
 .debug_frame   0x00000000      0x490 ..\obj\stm32f4xx_usart.o
 .debug_frame   0x00000490       0x4c ..\obj\startup_stm32f4xx.o
 .debug_frame   0x000004dc      0x3ec ..\obj\main.o
 .debug_frame   0x000008c8      0x6d4 ..\obj\stm32f4xx_rcc.o
 .debug_frame   0x00000f9c      0x23c ..\obj\stm32f4xx_gpio.o
 .debug_frame   0x000011d8       0x7c ..\obj\system_stm32f4xx.o
 .debug_frame   0x00001254      0x168 ..\obj\syscalls.o
 .debug_frame   0x000013bc      0x3f4 ..\obj\stm32f4xx_spi.o
 .debug_frame   0x000017b0       0xd8 ..\obj\misc.o
 .debug_frame   0x00001888       0x84 c:/program files (x86)/gnu tools arm embedded/5.3 2016q1/bin/../lib/gcc/arm-none-eabi/5.3.1/../../../../arm-none-eabi/lib/armv7e-m\libg.a(lib_a-sprintf.o)
 .debug_frame   0x0000190c       0x44 c:/program files (x86)/gnu tools arm embedded/5.3 2016q1/bin/../lib/gcc/arm-none-eabi/5.3.1/../../../../arm-none-eabi/lib/armv7e-m\libg.a(lib_a-svfprintf.o)
 .debug_frame   0x00001950       0x88 c:/program files (x86)/gnu tools arm embedded/5.3 2016q1/bin/../lib/gcc/arm-none-eabi/5.3.1/../../../../arm-none-eabi/lib/armv7e-m\libg.a(lib_a-dtoa.o)
 .debug_frame   0x000019d8       0x9c c:/program files (x86)/gnu tools arm embedded/5.3 2016q1/bin/../lib/gcc/arm-none-eabi/5.3.1/../../../../arm-none-eabi/lib/armv7e-m\libg.a(lib_a-locale.o)
 .debug_frame   0x00001a74       0x58 c:/program files (x86)/gnu tools arm embedded/5.3 2016q1/bin/../lib/gcc/arm-none-eabi/5.3.1/../../../../arm-none-eabi/lib/armv7e-m\libg.a(lib_a-mallocr.o)
 .debug_frame   0x00001acc       0x30 c:/program files (x86)/gnu tools arm embedded/5.3 2016q1/bin/../lib/gcc/arm-none-eabi/5.3.1/../../../../arm-none-eabi/lib/armv7e-m\libg.a(lib_a-mlock.o)
 .debug_frame   0x00001afc      0x264 c:/program files (x86)/gnu tools arm embedded/5.3 2016q1/bin/../lib/gcc/arm-none-eabi/5.3.1/../../../../arm-none-eabi/lib/armv7e-m\libg.a(lib_a-mprec.o)
 .debug_frame   0x00001d60       0x2c c:/program files (x86)/gnu tools arm embedded/5.3 2016q1/bin/../lib/gcc/arm-none-eabi/5.3.1/../../../../arm-none-eabi/lib/armv7e-m\libg.a(lib_a-sbrkr.o)
 .debug_frame   0x00001d8c       0x78 c:/program files (x86)/gnu tools arm embedded/5.3 2016q1/bin/../lib/gcc/arm-none-eabi/5.3.1/../../../../arm-none-eabi/lib/armv7e-m\libg.a(lib_a-svfiprintf.o)
 .debug_frame   0x00001e04       0x28 c:/program files (x86)/gnu tools arm embedded/5.3 2016q1/bin/../lib/gcc/arm-none-eabi/5.3.1/../../../../arm-none-eabi/lib/armv7e-m\libg.a(lib_a-callocr.o)
 .debug_frame   0x00001e2c       0x74 c:/program files (x86)/gnu tools arm embedded/5.3 2016q1/bin/../lib/gcc/arm-none-eabi/5.3.1/../../../../arm-none-eabi/lib/armv7e-m\libg.a(lib_a-freer.o)
 .debug_frame   0x00001ea0       0x30 c:/program files (x86)/gnu tools arm embedded/5.3 2016q1/bin/../lib/gcc/arm-none-eabi/5.3.1/../../../../arm-none-eabi/lib/armv7e-m\libg.a(lib_a-memmove.o)
 .debug_frame   0x00001ed0       0x34 c:/program files (x86)/gnu tools arm embedded/5.3 2016q1/bin/../lib/gcc/arm-none-eabi/5.3.1/../../../../arm-none-eabi/lib/armv7e-m\libg.a(lib_a-memset.o)
 .debug_frame   0x00001f04       0x60 c:/program files (x86)/gnu tools arm embedded/5.3 2016q1/bin/../lib/gcc/arm-none-eabi/5.3.1/../../../../arm-none-eabi/lib/armv7e-m\libg.a(lib_a-reallocr.o)
 .debug_frame   0x00001f64       0x58 c:/program files (x86)/gnu tools arm embedded/5.3 2016q1/bin/../lib/gcc/arm-none-eabi/5.3.1/../../../../arm-none-eabi/lib/armv7e-m\libg.a(lib_a-reent.o)
 .debug_frame   0x00001fbc       0x2c c:/program files (x86)/gnu tools arm embedded/5.3 2016q1/bin/../lib/gcc/arm-none-eabi/5.3.1/armv7e-m\libgcc.a(_aeabi_uldivmod.o)
 .debug_frame   0x00001fe8       0x34 c:/program files (x86)/gnu tools arm embedded/5.3 2016q1/bin/../lib/gcc/arm-none-eabi/5.3.1/armv7e-m\libgcc.a(_udivmoddi4.o)
